<?xml version="1.0"?><organigram><unit id="/"><info fontColor="#ff0000">/</info><unit id="/a"><info fontColor="#ff0000">a</info><unit id="/aa"><info fontColor="#ff0000">aa</info><unit id="/aaa"><info fontColor="#ff0000">aaa</info><unit id="/aaaa"><info fontColor="#ff0000">aaaa</info><unit id="/aaaaa"><info fontColor="#ff0000">aaaaa</info><unit id="/aaaaaa"><info fontColor="#ff0000">aaaaaa</info><unit id="/aaaaaaa"><info fontColor="#ff0000">aaaaaaa</info><unit id="/aaaaaaaa"><info fontColor="#ff0000">aaaaaaaa</info><unit id="/aaaaaaaaa"><info fontColor="#ff0000">aaaaaaaaa</info><unit id="/aaaaaaaaaa"><info fontColor="#ff0000">aaaaaaaaaa</info></unit></unit></unit></unit></unit></unit></unit></unit></unit></unit><unit id="/2"><info fontColor="#ff0000">2</info><unit id="/2/1"><info fontColor="#ff0000">2.1</info></unit><unit id="/2/2"><info fontColor="#ff0000">2.2</info></unit></unit><unit id="/3"><info fontColor="#ff0000">3</info></unit><unit id="/text"><info fontColor="#ff0000">title</info><unit id="/text/2"><info fontColor="#ff0000">title</info><info fontColor="#000000">message</info></unit><unit id="/text/3"><info fontColor="#ff0000">title</info><info fontColor="#000000">message1</info><info fontColor="#000000">mesage2</info></unit><unit id="/text/4"><info fontColor="#ff0000">title</info><info fontColor="#000000">message1</info><info fontColor="#000000">mesage2</info><info fontColor="#000000">message3</info></unit></unit></unit></organigram>