<?xml version="1.0"?><organigram><unit><unit id="Doe, John" name="CEO" date="H"/></unit></organigram>